// Jest Snapshot v1, https://goo.gl/fbAQLP

exports[`FlowRow Component should render correctly 1`] = `
<tr
  className="has-request has-response"
  onClick={[Function]}
>
  <td
    className="col-tls col-tls-http"
  />
  <td
    className="col-icon"
  >
    <div
      className="resource-icon resource-icon-plain"
    />
  </td>
  <td
    className="col-path"
  >
    <i
      className="fa fa-fw fa-exclamation pull-right"
    />
    http://address:22/path
  </td>
  <td
    className="col-method"
  >
    GET
  </td>
  <td
    className="col-status"
    style={
      Object {
        "color": "darkgreen",
      }
    }
  >
    200
  </td>
  <td
    className="col-size"
  >
    14b
  </td>
  <td
    className="col-time"
  >
    3s
  </td>
  <div
    className="dropdown pull-left btn btn-default"
  >
    <a
      className="special"
      href="#"
      onClick={[Function]}
    >
      Actions
    </a>
    <ul
      className="dropdown-menu"
      role="menu"
    >
      <li>
         
        <a
          href="#"
          onClick={[Function]}
        >
          <i
            className="fa fa-fw fa-plus"
          />
           Intercept 
          address
        </a>
         
      </li>
      <li>
         
        <a
          href="#"
          onClick={[Function]}
        >
          <i
            className="fa fa-fw fa-plus"
          />
           Intercept 
          address/path
        </a>
         
      </li>
      <li>
         
        <a
          href="#"
          onClick={[Function]}
        >
          <i
            className="fa fa-fw fa-plus"
          />
           Intercept all POST requests from this host
        </a>
         
      </li>
      <li>
         
        <a
          href="#"
          onClick={[Function]}
        >
          <i
            className="fa fa-fw fa-plus"
          />
           Intercept all requests from 
          192.168.0.1
        </a>
         
      </li>
    </ul>
  </div>
</tr>
`;
